// Jest Snapshot v1, https://goo.gl/fbAQLP

exports[`App component renders App 1`] = `
<DocumentFragment>
  <div
    class="root"
  >
    <div
      class="home"
      data-aos="fade-down"
    >
      <div
        class="title"
      >
        Thinking of You
      </div>
      <div
        class="frame"
      >
        <img
          alt="whitney"
          class="whitneyImage"
          src="/path/image"
        />
      </div>
      <div
        class="description"
      >
        <p>
          Whitney, you've been on our minds. We wanted to send you some smiles and encouragement to get you through this difficult time.
        </p>
      </div>
    </div>
    <div
      class="messagesContainer"
    >
      <div
        class="messageLeft"
        data-aos="fade-right"
        data-aos-anchor=".other-element"
      >
        <h3>
          From: Brooke Perkins
        </h3>
        <p>
          We're here for you, Whitney! Looking forward to a time when this year and all its nastiness is firmly behind us and we can celebrate your new house and our new shared community together! Rest up and take care, let us know if we can do anything for you.
        </p>
        <p>
          xxo Brooke
        </p>
      </div>
      <div
        class="messageRight"
        data-aos="fade-left"
      >
        <h3>
          From: Bryana Kitchen
        </h3>
        <p>
          Hey Whitney, I've been thinking about you.  We miss your beautiful smile around Alchemy and can't wait for your return. But don't rush back - get the rest you need to heal! I pray you find encouragement and strength each day. Please let us know if there's anything we can do for you.
        </p>
        <p>
          With Love, Bryana
        </p>
      </div>
      <div
        class="messageLeft"
        data-aos="fade-right"
      >
        <h3>
          From: Perry Sittser
        </h3>
        <p>
          To Whitney: Get well soon!
        </p>
      </div>
      <div
        class="messageRight"
        data-aos="fade-left"
      >
        <h3>
          From: (name)
        </h3>
        <p>
          Message goes here
        </p>
        <p>
          optional signature
        </p>
      </div>
      <div
        class="messageLeft"
        data-aos="fade-right"
      >
        <h3>
          From: (name)
        </h3>
        <p>
          Message goes here
        </p>
        <p>
          optional signature
        </p>
      </div>
      <div
        class="messageRight"
        data-aos="fade-left"
      >
        <h3>
          From: (name)
        </h3>
        <p>
          Message goes here
        </p>
        <p>
          optional signature
        </p>
      </div>
    </div>
  </div>
</DocumentFragment>
`;
